a[0] = 1.000000 , b[0] = 1
a[1] = 2.000000 , b[1] = 2
a[2] = 3.000000 , b[2] = 3
a[3] = 4.000000 , b[3] = 4
a[4] = 5.000000 , b[4] = 5
a[5] = 6.000000 , b[5] = 6
a[6] = 7.000000 , b[6] = 7
a[7] = 8.000000 , b[7] = 8
a[8] = 9.000000 , b[8] = 9
a[9] = 10.000000 , b[9] = 10