i = 0 j = 11
i = 0 j = 12
i = 1 j = 11
i = 1 j = 12
i = 2 j = 11
i = 2 j = 12
i = 3 j = 11
i = 3 j = 12
i = 4 j = 11
i = 4 j = 12
i = 5 j = 11
i = 5 j = 12
i = 6 j = 11
i = 6 j = 12
i = 7 j = 11
i = 7 j = 12
i = 8 j = 11
i = 8 j = 12
i = 9 j = 11
i = 9 j = 12